user@SPOComp13:~/435013/vaddya/basic$ date
Thu Sep 13 13:30:46 MSK 2018
user@SPOComp13:~/435013/vaddya/basic$ who
user     :0           2018-09-13 13:10 (:0)
user     pts/0        2018-09-13 13:19 (:0)
user@SPOComp13:~/435013/vaddya/basic$ who am i
user     pts/0        2018-09-13 13:19 (:0)
user@SPOComp13:~/435013/vaddya/basic$ tty
/dev/pts/0
user@SPOComp13:~/435013/vaddya/basic$ logname
user
user@SPOComp13:~/435013/vaddya/basic$ uname
Linux
user@SPOComp13:~/435013/vaddya/basic$ sleep 5
user@SPOComp13:~/435013/vaddya/basic$ sleep 10000
^C
user@SPOComp13:~/435013/vaddya/basic$
user@SPOComp13:~/435013/vaddya/basic$ man date
user@SPOComp13:~/435013/vaddya/basic$ man who
user@SPOComp13:~/435013/vaddya/basic$ man tty
user@SPOComp13:~/435013/vaddya/basic$ man 3 pthread_create
user@SPOComp13:~/435013/vaddya/basic$ ls
1  2  3  4  test
user@SPOComp13:~/435013/vaddya/basic$ ls -l
total 20
-rw-rw-r-- 1 user user  456 сент. 13 13:31 1
-rw-rw-r-- 1 user user  100 сент. 13 13:33 2
-rw-rw-r-- 1 user user  140 сент. 13 13:34 3
-rw-rw-r-- 1 user user  298 сент. 13 13:39 4
drwxrwxr-x 2 user user 4096 сент. 13 13:40 test
user@SPOComp13:~/435013/vaddya/basic$ ls test
junk
user@SPOComp13:~/435013/vaddya/basic/test$ cat junk
junk content
user@SPOComp13:~/435013/vaddya/basic/test$ cat temp
temp content
user@SPOComp13:~/435013/vaddya/basic/test$ cat junk temp
junk content
temp content
user@SPOComp13:~/435013/vaddya/basic/test$ mv junk aaa
user@SPOComp13:~/435013/vaddya/basic/test$ ls
aaa  temp
user@SPOComp13:~/435013/vaddya/basic/test$ cat junk
cat: junk: No such file or directory
user@SPOComp13:~/435013/vaddya/basic/test$ cat aaa
junk content
user@SPOComp13:~/435013/vaddya/basic/test$
user@SPOComp13:~/435013/vaddya/basic/test$ cp aaa bbb
user@SPOComp13:~/435013/vaddya/basic/test$ ls
aaa  bbb  temp
user@SPOComp13:~/435013/vaddya/basic/test$ cat bbb
junk content
user@SPOComp13:~/435013/vaddya/basic/test$ cat junk
junk content
user@SPOComp13:~/435013/vaddya/basic/test$
user@SPOComp13:~/435013/vaddya/basic/test$ ls
aaa  bbb  temp
user@SPOComp13:~/435013/vaddya/basic/test$ rm junk bbb
rm: cannot remove 'junk': No such file or directory
user@SPOComp13:~/435013/vaddya/basic/test$ ls
aaa  temp
user@SPOComp13:~/435013/vaddya/basic/test$ pwd
/home/user/435013/vaddya/basic/test
user@SPOComp13:~/435013/vaddya/basic/test$ ls
aaa  temp
user@SPOComp13:~/435013/vaddya/basic/test$ > prog.c
user@SPOComp13:~/435013/vaddya/basic/test$ ls
aaa  prog.c  temp
user@SPOComp13:~/435013/vaddya/basic/test$ ls ~/435013/vaddya/basic/
1  2  3  4a  4b  4c  test
user@SPOComp13:~/435013/vaddya/basic/test$ ls ~/435013/vaddya/basic/test/
aaa  prog.c  temp
user@SPOComp13:~/435013/vaddya/basic/test$ ls /
bin    dev   initrd.img  lost+found  opt   run   sys  var
boot   etc   lib         media       proc  sbin  tmp  vmlinuz
cdrom  home  lib64       mnt         root  srv   usr
user@SPOComp13:~/435013/vaddya/basic/test$ ls -l /
total 96
drwxr-xr-x   2 root root  4096 апр.  29  2016 bin
drwxr-xr-x   3 root root  4096 апр.  29  2016 boot
drwxrwxr-x   2 root root  4096 апр.  29  2016 cdrom
drwxr-xr-x  16 root root  4260 сент. 13 13:08 dev
drwxr-xr-x 132 root root 12288 сент. 13 13:10 etc
drwxr-xr-x   5 root root  4096 апр.  29  2016 home
lrwxrwxrwx   1 root root    33 апр.  29  2016 initrd.img -> boot/initrd.img-3.13.0-24-generic
drwxr-xr-x  23 root root  4096 апр.  29  2016 lib
drwxr-xr-x   2 root root  4096 апр.  17  2014 lib64
drwx------   2 root root 16384 апр.  29  2016 lost+found
drwxr-xr-x   5 root root  4096 сент. 30  2016 media
drwxr-xr-x   2 root root  4096 апр.  11  2014 mnt
drwxr-xr-x   2 root root  4096 апр.  17  2014 opt
dr-xr-xr-x 216 root root     0 сент. 13 13:07 proc
drwx------   3 root root  4096 апр.  29  2016 root
drwxr-xr-x  24 root root   920 сент. 13 13:27 run
drwxr-xr-x   2 root root 12288 апр.  29  2016 sbin
drwxr-xr-x   2 root root  4096 апр.  17  2014 srv
dr-xr-xr-x  13 root root     0 сент. 13 13:07 sys
drwxrwxrwt   8 root root  4096 сент. 13 13:49 tmp
drwxr-xr-x  10 root root  4096 апр.  17  2014 usr
drwxr-xr-x  13 root root  4096 апр.  17  2014 var
lrwxrwxrwx   1 root root    30 апр.  29  2016 vmlinuz -> boot/vmlinuz-3.13.0-24-generic
user@SPOComp13:~/435013/vaddya/basic/test$ ls /bin
bash                  fgconsole   nc                       sed
bunzip2               fgrep       nc.openbsd               setfacl
busybox               findmnt     netcat                   setfont
bzcat                 fuser       netstat                  setupcon
bzcmp                 fusermount  nisdomainname            sh
bzdiff                getfacl     ntfs-3g                  sh.distrib
bzegrep               grep        ntfs-3g.probe            sleep
bzexe                 gunzip      ntfs-3g.secaudit         ss
bzfgrep               gzexe       ntfs-3g.usermap          static-sh
bzgrep                gzip        ntfscat                  stty
bzip2                 hostname    ntfsck                   su
bzip2recover          ip          ntfscluster              sync
bzless                kbd_mode    ntfscmp                  tailf
bzmore                kill        ntfsdump_logfile         tar
cat                   kmod        ntfsfix                  tempfile
chacl                 less        ntfsinfo                 touch
chgrp                 lessecho    ntfsls                   true
chmod                 lessfile    ntfsmftalloc             udevadm
chown                 lesskey     ntfsmove                 ulockmgr_server
chvt                  lesspipe    ntfstruncate             umount
cp                    ln          ntfswipe                 uname
cpio                  loadkeys    open                     uncompress
dash                  login       openvt                   unicode_start
date                  loginctl    pidof                    vdir
dbus-cleanup-sockets  lowntfs-3g  ping                     vmmouse_detect
dbus-daemon           ls          ping6                    which
dbus-uuidgen          lsblk       plymouth                 whiptail
dd                    lsmod       plymouth-upstart-bridge  ypdomainname
df                    mkdir       ps                       zcat
dir                   mknod       pwd                      zcmp
dmesg                 mktemp      rbash                    zdiff
dnsdomainname         more        readlink                 zegrep
domainname            mount       red                      zfgrep
dumpkeys              mountpoint  rm                       zforce
echo                  mt          rmdir                    zgrep
ed                    mt-gnu      rnano                    zless
egrep                 mv          running-in-container     zmore
false                 nano        run-parts                znew
user@SPOComp13:~/435013/vaddya/basic/test$ cd ..
user@SPOComp13:~/435013/vaddya/basic$ pwd
/home/user/435013/vaddya/basic
user@SPOComp13:~/435013/vaddya/basic$ ls
1  2  3  4a  4b  4c  5a  test
user@SPOComp13:~/435013/vaddya/basic$ cd ..
user@SPOComp13:~/435013/vaddya$ pwd
/home/user/435013/vaddya
user@SPOComp13:~/435013/vaddya$ ls -ld
drwxrwxr-x 3 user user 4096 сент. 13 13:38 .
user@SPOComp13:~/435013/vaddya$ ls -ld /
drwxr-xr-x 23 root root 4096 апр.  29  2016 /
user@SPOComp13:~/435013/vaddya$ ls -ld /bin
drwxr-xr-x 2 root root 4096 апр.  29  2016 /bin
user@SPOComp13:~/435013/vaddya$ ls -ld ~/
drwxr-xr-x 26 user user 4096 сент. 13 13:21 /home/user/
user@SPOComp13:~/435013/vaddya$ mv /bin/cp /bin/cpp
mv: cannot move ‘/bin/cp’ to ‘/bin/cpp’: Permission denied
user@SPOComp13:~/435013/vaddya$ cd
user@SPOComp13:~$ pwd
/home/user
user@SPOComp13:~$ cd 435013/vaddya/
user@SPOComp13:~/435013/vaddya$ mkdir folder
user@SPOComp13:~/435013/vaddya$ cd folder/
user@SPOComp13:~/435013/vaddya/folder$ cd ../basic/test/
user@SPOComp13:~/435013/vaddya/basic/test$ ls ..
1  2  3  4a  4b  4c  5a  test
user@SPOComp13:~/435013/vaddya/basic/test$ ls
aaa  prog.c  temp
user@SPOComp13:~/435013/vaddya/basic/test$ cp ../1 .
user@SPOComp13:~/435013/vaddya/basic/test$ ls
1  aaa  prog.c  temp
user@SPOComp13:~/435013/vaddya/basic/test$ cd ..
user@SPOComp13:~/435013/vaddya/basic$ ls
1  2  3  4a  4b  4c  5a  test
user@SPOComp13:~/435013/vaddya/basic$ rmdir test/
rmdir: failed to remove ‘test/’: Directory not empty
user@SPOComp13:~/435013/vaddya/basic$ rm test/*
user@SPOComp13:~/435013/vaddya/basic$ rmdir test/
user@SPOComp13:~/435013/vaddya/basic$ ls
1  2  3  4a  4b  4c  5a
user@SPOComp13:~/435013/vaddya/basic$ ps
  PID TTY          TIME CMD
 4118 pts/0    00:00:00 bash
 5032 pts/0    00:00:00 ps
user@SPOComp13:~/435013/vaddya/basic$ ps -A
  PID TTY          TIME CMD
    1 ?        00:00:01 init
    2 ?        00:00:00 kthreadd
    3 ?        00:00:00 ksoftirqd/0
    5 ?        00:00:00 kworker/0:0H
    7 ?        00:00:01 rcu_sched
    8 ?        00:00:00 rcuos/0
    9 ?        00:00:00 rcuos/1
   10 ?        00:00:00 rcuos/2
   11 ?        00:00:00 rcuos/3
   12 ?        00:00:00 rcuos/4
   13 ?        00:00:00 rcuos/5
   14 ?        00:00:00 rcuos/6
   15 ?        00:00:00 rcuos/7
   16 ?        00:00:00 rcu_bh
   17 ?        00:00:00 rcuob/0
   18 ?        00:00:00 rcuob/1
   19 ?        00:00:00 rcuob/2
   20 ?        00:00:00 rcuob/3
   21 ?        00:00:00 rcuob/4
   22 ?        00:00:00 rcuob/5
   23 ?        00:00:00 rcuob/6
   24 ?        00:00:00 rcuob/7
   25 ?        00:00:00 migration/0
   26 ?        00:00:00 watchdog/0
   27 ?        00:00:00 watchdog/1
   28 ?        00:00:00 migration/1
   29 ?        00:00:00 ksoftirqd/1
   30 ?        00:00:00 kworker/1:0
   31 ?        00:00:00 kworker/1:0H
   32 ?        00:00:00 watchdog/2
   33 ?        00:00:00 migration/2
   34 ?        00:00:00 ksoftirqd/2
   35 ?        00:00:00 kworker/2:0
   36 ?        00:00:00 kworker/2:0H
   37 ?        00:00:00 watchdog/3
   38 ?        00:00:00 migration/3
   39 ?        00:00:00 ksoftirqd/3
   40 ?        00:00:00 kworker/3:0
   41 ?        00:00:00 kworker/3:0H
   42 ?        00:00:00 khelper
   43 ?        00:00:00 kdevtmpfs
   44 ?        00:00:00 netns
   45 ?        00:00:00 writeback
   46 ?        00:00:00 kintegrityd
   47 ?        00:00:00 bioset
   48 ?        00:00:00 kworker/u17:0
   49 ?        00:00:00 kblockd
   50 ?        00:00:00 ata_sff
   51 ?        00:00:00 khubd
   52 ?        00:00:00 md
   53 ?        00:00:00 devfreq_wq
   57 ?        00:00:00 khungtaskd
   58 ?        00:00:00 kswapd0
   59 ?        00:00:00 ksmd
   60 ?        00:00:00 khugepaged
   61 ?        00:00:00 fsnotify_mark
   62 ?        00:00:00 ecryptfs-kthrea
   63 ?        00:00:00 crypto
   75 ?        00:00:00 kthrotld
   76 ?        00:00:00 kworker/u16:1
   77 ?        00:00:01 kworker/3:1
   96 ?        00:00:00 deferwq
   97 ?        00:00:00 charger_manager
  121 ?        00:00:00 kworker/0:2
  149 ?        00:00:00 scsi_eh_0
  150 ?        00:00:00 scsi_eh_1
  151 ?        00:00:00 scsi_eh_2
  152 ?        00:00:00 scsi_eh_3
  157 ?        00:00:00 kworker/u16:5
  158 ?        00:00:00 scsi_eh_4
  159 ?        00:00:00 scsi_eh_5
  173 ?        00:00:00 jbd2/sda2-8
  174 ?        00:00:00 ext4-rsv-conver
  297 ?        00:00:00 upstart-udev-br
  303 ?        00:00:00 systemd-udevd
  353 ?        00:00:00 edac-poller
  354 ?        00:00:00 kpsmoused
  386 ?        00:00:00 hd-audio0
  390 ?        00:00:00 kworker/u17:1
  456 ?        00:00:00 upstart-socket-
  534 ?        00:00:00 ttm_swap
  544 ?        00:00:00 hd-audio1
  614 ?        00:00:00 dbus-daemon
  626 ?        00:00:00 upstart-file-br
  640 ?        00:00:00 ModemManager
  657 ?        00:00:00 rsyslogd
  678 ?        00:00:00 systemd-logind
  680 ?        00:00:00 bluetoothd
  687 ?        00:00:00 krfcommd
  690 ?        00:00:00 avahi-daemon
  698 ?        00:00:00 avahi-daemon
  703 ?        00:00:00 NetworkManager
  710 ?        00:00:00 polkitd
  864 tty4     00:00:00 getty
  868 tty5     00:00:00 getty
  874 tty2     00:00:00 getty
  875 tty3     00:00:00 getty
  878 tty6     00:00:00 getty
  936 ?        00:00:00 acpid
  937 ?        00:00:00 cups-browsed
  942 ?        00:00:00 lightdm
  961 ?        00:00:00 cron
  964 ?        00:00:00 irqbalance
 1045 ?        00:00:00 accounts-daemon
 1056 ?        00:00:00 vmware-vmblock-
 1068 ?        00:00:00 vmnet-bridge
 1076 ?        00:00:00 whoopsie
 1096 ?        00:00:00 vmnet-netifup
 1104 ?        00:00:00 vmnet-dhcpd
 1107 ?        00:00:00 vmnet-natd
 1109 ?        00:00:00 vmnet-netifup
 1116 ?        00:00:00 vmnet-dhcpd
 1135 ?        00:00:00 kerneloops
 1142 ?        00:00:00 vmware-authdlau
 1150 ?        00:00:00 vmware-usbarbit
 1199 ?        00:00:00 kauditd
 1435 ?        00:00:01 vmware-hostd
 1484 tty1     00:00:00 getty
 1629 ?        00:00:00 upowerd
 1673 ?        00:00:00 rtkit-daemon
 1800 ?        00:00:00 colord
 2493 ?        00:00:00 udisksd
 2712 tty7     00:00:37 Xorg
 3078 ?        00:00:00 lightdm
 3116 ?        00:00:00 gnome-keyring-d
 3137 ?        00:00:00 init
 3201 ?        00:00:00 ssh-agent
 3209 ?        00:00:01 dbus-daemon
 3217 ?        00:00:00 upstart-event-b
 3220 ?        00:00:00 window-stack-br
 3226 ?        00:00:02 bamfdaemon
 3231 ?        00:00:00 at-spi-bus-laun
 3237 ?        00:00:00 dbus-daemon
 3240 ?        00:00:00 upstart-dbus-br
 3242 ?        00:00:00 upstart-file-br
 3244 ?        00:00:00 upstart-dbus-br
 3246 ?        00:00:00 at-spi2-registr
 3253 ?        00:00:18 ibus-daemon
 3254 ?        00:00:00 gvfsd
 3271 ?        00:00:00 gvfsd-fuse
 3277 ?        00:00:00 ibus-dconf
 3279 ?        00:00:00 unity-settings-
 3280 ?        00:00:06 ibus-ui-gtk3
 3287 ?        00:00:01 hud-service
 3291 ?        00:00:00 gnome-session
 3295 ?        00:00:03 unity-panel-ser
 3300 ?        00:00:00 ibus-x11
 3334 ?        00:00:00 indicator-keybo
 3335 ?        00:00:00 indicator-messa
 3337 ?        00:00:00 indicator-bluet
 3339 ?        00:00:00 indicator-power
 3345 ?        00:00:00 indicator-datet
 3346 ?        00:00:00 indicator-sound
 3357 ?        00:00:00 indicator-print
 3365 ?        00:00:00 indicator-sessi
 3368 ?        00:00:00 evolution-sourc
 3390 ?        00:00:00 indicator-appli
 3392 ?        00:00:00 pulseaudio
 3421 ?        00:00:04 ibus-engine-sim
 3482 ?        00:00:00 evolution-calen
 3499 ?        00:00:00 dconf-service
 3519 ?        00:00:00 notify-osd
 3525 ?        00:00:28 compiz
 3539 ?        00:00:09 nautilus
 3540 ?        00:00:00 polkit-gnome-au
 3541 ?        00:00:00 nm-applet
 3542 ?        00:00:00 unity-fallback-
 3600 ?        00:00:00 gvfs-udisks2-vo
 3623 ?        00:00:00 gvfs-mtp-volume
 3632 ?        00:00:00 gvfs-gphoto2-vo
 3641 ?        00:00:00 gvfs-afc-volume
 3656 ?        00:00:00 gconfd-2
 3698 ?        00:00:00 gvfsd-trash
 3730 ?        00:00:00 gvfsd-burn
 3755 ?        00:00:00 telepathy-indic
 3764 ?        00:00:00 mission-control
 3782 ?        00:00:00 zeitgeist-daemo
 3788 ?        00:00:00 zeitgeist-fts
 3790 ?        00:00:00 zeitgeist-datah
 3792 ?        00:00:00 cat
 3812 ?        00:00:00 unity-scope-hom
 3824 ?        00:00:00 unity-scope-loa
 3827 ?        00:00:00 unity-files-dae
 3885 ?        00:00:00 update-notifier
 3907 ?        00:00:00 deja-dup-monito
 3940 ?        00:00:00 unity-webapps-s
 4095 ?        00:00:00 unity-music-dae
 4109 ?        00:00:15 gnome-terminal
 4117 ?        00:00:00 gnome-pty-helpe
 4118 pts/0    00:00:00 bash
 4183 ?        00:00:00 kworker/1:1
 4184 ?        00:00:00 kworker/2:2
 4188 ?        00:00:00 gvfsd-metadata
 4206 ?        00:00:11 firefox
 4261 ?        00:00:00 kworker/0:0
 4537 ?        00:00:00 cupsd
 4540 ?        00:00:00 dbus
 4541 ?        00:00:00 dbus
 4542 ?        00:00:00 dbus
 4543 ?        00:00:00 dbus
 4544 ?        00:00:00 dbus
 5033 pts/0    00:00:00 ps
 user@SPOComp13:~/435013/vaddya/compile$ cc -c prog.c
 user@SPOComp13:~/435013/vaddya/compile$ ls
 prog.c  prog.o
 user@SPOComp13:~/435013/vaddya/compile$ cc prog.o
 user@SPOComp13:~/435013/vaddya/compile$ ls
 a.out  prog.c  prog.o
 user@SPOComp13:~/435013/vaddya/compile$ ./a.out
 Hello, everybody !
 user@SPOComp13:~/435013/vaddya/compile$
 user@SPOComp13:~/435013/vaddya/compile$ cc prog.c -o hello
 user@SPOComp13:~/435013/vaddya/compile$ ls
 a.out  hello  prog.c  prog.o
 user@SPOComp13:~/435013/vaddya/compile$ ./hello
 Hello, everybody !
 user@SPOComp13:~/435013/vaddya/compile$
 user@SPOComp13:~/435013/vaddya/compile$ ./hello > res
 user@SPOComp13:~/435013/vaddya/compile$ cat res
 Hello, everybody !
 user@SPOComp13:~/435013/vaddya/compile$
 user@SPOComp13:~/435013/vaddya/compile$ cc my_open.c
 user@SPOComp13:~/435013/vaddya/compile$ ls
 1  a.out  hello  my_open.c  prog.c  prog.o  res
 user@SPOComp13:~/435013/vaddya/compile$ ./a.out res
 ./a.out: файл res открыт
 user@SPOComp13:~/435013/vaddya/compile$
 user@SPOComp13:~/435013/vaddya/compile$ ./a.out not_exist
 ./a.out: неудача при попытке открыть файл not_exist
 user@SPOComp13:~/435013/vaddya/compile$
 user@SPOComp13:~/435013/vaddya/compile$ ./a.out
 открываемый файл не указан
 user@SPOComp13:~/435013/vaddya/compile$ cat file_name.c
 #include <stdio.h>
 main ()
 {
 	printf("res");
 }
 user@SPOComp13:~/435013/vaddya/compile$ cc file_name.c -o file_name
 user@SPOComp13:~/435013/vaddya/compile$ cc my_open.c -o my_open
 user@SPOComp13:~/435013/vaddya/compile$ ./file_name
 res
 user@SPOComp13:~/435013/vaddya/compile$ ./my_open
 res
 ./my_open: файл res открыт
 user@SPOComp13:~/435013/vaddya/compile$
 user@SPOComp13:~/435013/vaddya/compile$ ./file_name || ./my_open
 res
 ./my_open: неудача при попытке открыть файл
 user@SPOComp13:~/435013/vaddya/compile$ ./file_name | ./my_open
 ./my_open: файл res открыт
 user@SPOComp13:~/435013/vaddya/text$ man grep
 user@SPOComp13:~/435013/vaddya/text$ ls -l /tmp
 total 16
 drwx------ 2 root root 4096 сент. 13 13:08 pulse-PKdhtXMmr18n
 drwx------ 2 user user 4096 сент. 13 13:10 ssh-dzNcxsAeIx32
 -rw-rw-r-- 1 user user    0 сент. 13 13:08 unity_support_test.0
 drwxrwxrwt 2 root root 4096 сент. 13 13:08 VMwareDnD
 drwx------ 2 root root 4096 сент. 13 13:08 vmware-root
 user@SPOComp13:~/435013/vaddya/text$ ls -l /tmp | grep "^d"
 drwx------ 2 root root 4096 сент. 13 13:08 pulse-PKdhtXMmr18n
 drwx------ 2 user user 4096 сент. 13 13:10 ssh-dzNcxsAeIx32
 drwxrwxrwt 2 root root 4096 сент. 13 13:08 VMwareDnD
 drwx------ 2 root root 4096 сент. 13 13:08 vmware-root
 user@SPOComp13:~/435013/vaddya/text$ ls -l /tmp
 total 16
 -rwxrwxrwx 1 user user    0 сент. 13 14:58 my_file
 drwx------ 2 root root 4096 сент. 13 13:08 pulse-PKdhtXMmr18n
 drwx------ 2 user user 4096 сент. 13 13:10 ssh-dzNcxsAeIx32
 -rw-rw-r-- 1 user user    0 сент. 13 13:08 unity_support_test.0
 drwxrwxrwt 2 root root 4096 сент. 13 13:08 VMwareDnD
 drwx------ 2 root root 4096 сент. 13 13:08 vmware-root
 user@SPOComp13:~/435013/vaddya/text$ ls -l /tmp | grep ^-..x
 -rwxrwxrwx 1 user user    0 сент. 13 14:58 my_file
 user@SPOComp13:~/435013/vaddya/text$ ls -l /tmp | grep ^.............root
 drwx------ 2 root root 4096 сент. 13 13:08 pulse-PKdhtXMmr18n
 drwxrwxrwt 2 root root 4096 сент. 13 13:08 VMwareDnD
 drwx------ 2 root root 4096 сент. 13 13:08 vmware-root
 user@SPOComp13:~/435013/vaddya/text$ ls -l /tmp | grep ^.............root -v
 total 16
 -rwxrwxrwx 1 user user    0 сент. 13 14:58 my_file
 drwx------ 2 user user 4096 сент. 13 13:10 ssh-dzNcxsAeIx32
 -rw-rw-r-- 1 user user    0 сент. 13 13:08 unity_support_test.0
 user@SPOComp13:~/435013/vaddya/text$ ps | cut -c2-5
  PID
 4118
 5210
 5276
 5422
 6272
 6273
 user@SPOComp13:~/435013/vaddya/text$ who am i
 user     pts/0        2018-09-13 13:19 (:0)
 user@SPOComp13:~/435013/vaddya/text$ who am i | cut -d' ' -f1
 user
 user@SPOComp13:~/435013/vaddya/text$ ls
 1a  1b  2a  2b  3
 user@SPOComp13:~/435013/vaddya/text$ ls | tr [a-z] [A-Z]
 1A
 1B
 2A
 2B
 3
 user@SPOComp13:~/435013/vaddya/text$ ls | sort
 1a
 1b
 1c
 2a
 2b
 3
 user@SPOComp13:~/435013/vaddya/text$ ls -l
 total 24
 -rw-rw-r-- 1 user user 1028 сент. 13 15:05 1a
 -rw-rw-r-- 1 user user  788 сент. 13 15:08 1b
 -rw-rw-r-- 1 user user  530 сент. 13 15:23 1c
 -rw-rw-r-- 1 user user   88 сент. 13 15:34 2a
 -rw-rw-r-- 1 user user  158 сент. 13 15:35 2b
 -rw-rw-r-- 1 user user  131 сент. 13 15:37 3
 user@SPOComp13:~/435013/vaddya/text$ ls --sort=size
 1a  1b  1c  2b  3  2a
 user@SPOComp13:~/435013/vaddya/text$ ls --sort=size -r
 2a  3  2b  1c  1b  1a
 vaddya@turing:~/Git/os/lab1/logs/compile$ diff -e prog.c my_open.c > eqv
 vaddya@turing:~/Git/os/lab1/logs/compile$ cat eqv
 4c
 char str[20];
 scanf("%s", str);
 if (str != NULL) {
   	if (fopen(str,"r") == NULL)
 		printf("%s: неудача при попытке открыть файл %s",argv[0],str);
   	else
 		printf("%s: файл %s открыт",argv[0],str);
 } else
      printf("открываемый файл не указан");
 .
 1,2c
  #include <stdio.h>
 main ( argc, argv )
 int argc;
 char *argv [];
 .
 vaddya@turing:~/Git/os/lab1/logs/compile$ cmp prog.c my_open.c
 prog.c my_open.c differ: byte 26, line 2
 vaddya@turing:~/Git/os/lab1/logs/compile$ cmp hello my_open
 hello my_open differ: byte 25, line 1
 user@SPOComp13:~/435013/vaddya/text$ ls -l /usr/bin | cut -c29-36 | sort -n | uniq -d
 2
 3
 ...
 576440
 814856
 user@SPOComp13:~/435013/vaddya/text$ man grep
 user@SPOComp13:~/435013/vaddya/text$ ls -l /tmp
 total 16
 drwx------ 2 root root 4096 сент. 13 13:08 pulse-PKdhtXMmr18n
 drwx------ 2 user user 4096 сент. 13 13:10 ssh-dzNcxsAeIx32
 -rw-rw-r-- 1 user user    0 сент. 13 13:08 unity_support_test.0
 drwxrwxrwt 2 root root 4096 сент. 13 13:08 VMwareDnD
 drwx------ 2 root root 4096 сент. 13 13:08 vmware-root
 user@SPOComp13:~/435013/vaddya/text$ ls -l /tmp | grep "^d"
 drwx------ 2 root root 4096 сент. 13 13:08 pulse-PKdhtXMmr18n
 drwx------ 2 user user 4096 сент. 13 13:10 ssh-dzNcxsAeIx32
 drwxrwxrwt 2 root root 4096 сент. 13 13:08 VMwareDnD
 drwx------ 2 root root 4096 сент. 13 13:08 vmware-root
 user@SPOComp13:~/435013/vaddya/text$ ls -l /tmp
 total 16
 -rwxrwxrwx 1 user user    0 сент. 13 14:58 my_file
 drwx------ 2 root root 4096 сент. 13 13:08 pulse-PKdhtXMmr18n
 drwx------ 2 user user 4096 сент. 13 13:10 ssh-dzNcxsAeIx32
 -rw-rw-r-- 1 user user    0 сент. 13 13:08 unity_support_test.0
 drwxrwxrwt 2 root root 4096 сент. 13 13:08 VMwareDnD
 drwx------ 2 root root 4096 сент. 13 13:08 vmware-root
 user@SPOComp13:~/435013/vaddya/text$ ls -l /tmp | grep ^-..x
 -rwxrwxrwx 1 user user    0 сент. 13 14:58 my_file
 user@SPOComp13:~/435013/vaddya/text$ ls -l /tmp | grep ^.............root
 drwx------ 2 root root 4096 сент. 13 13:08 pulse-PKdhtXMmr18n
 drwxrwxrwt 2 root root 4096 сент. 13 13:08 VMwareDnD
 drwx------ 2 root root 4096 сент. 13 13:08 vmware-root
 user@SPOComp13:~/435013/vaddya/text$ ls -l /tmp | grep ^.............root -v
 total 16
 -rwxrwxrwx 1 user user    0 сент. 13 14:58 my_file
 drwx------ 2 user user 4096 сент. 13 13:10 ssh-dzNcxsAeIx32
 -rw-rw-r-- 1 user user    0 сент. 13 13:08 unity_support_test.0
 user@SPOComp13:~/435013/vaddya/text$ ps | cut -c2-5
  PID
 4118
 5210
 5276
 5422
 6272
 6273
 user@SPOComp13:~/435013/vaddya/text$ who am i
 user     pts/0        2018-09-13 13:19 (:0)
 user@SPOComp13:~/435013/vaddya/text$ who am i | cut -d' ' -f1
 user
 user@SPOComp13:~/435013/vaddya/text$ ls
 1a  1b  2a  2b  3
 user@SPOComp13:~/435013/vaddya/text$ ls | tr [a-z] [A-Z]
 1A
 1B
 2A
 2B
 3
 user@SPOComp13:~/435013/vaddya/text$ ls | sort
 1a
 1b
 1c
 2a
 2b
 3
 user@SPOComp13:~/435013/vaddya/text$ ls -l
 total 24
 -rw-rw-r-- 1 user user 1028 сент. 13 15:05 1a
 -rw-rw-r-- 1 user user  788 сент. 13 15:08 1b
 -rw-rw-r-- 1 user user  530 сент. 13 15:23 1c
 -rw-rw-r-- 1 user user   88 сент. 13 15:34 2a
 -rw-rw-r-- 1 user user  158 сент. 13 15:35 2b
 -rw-rw-r-- 1 user user  131 сент. 13 15:37 3
 user@SPOComp13:~/435013/vaddya/text$ ls --sort=size
 1a  1b  1c  2b  3  2a
 user@SPOComp13:~/435013/vaddya/text$ ls --sort=size -r
 2a  3  2b  1c  1b  1a
 vaddya@turing:~/Git/os/lab1/logs/compile$ diff -e prog.c my_open.c > eqv
 vaddya@turing:~/Git/os/lab1/logs/compile$ cat eqv
 4c
 char str[20];
 scanf("%s", str);
 if (str != NULL) {
   	if (fopen(str,"r") == NULL)
 		printf("%s: неудача при попытке открыть файл %s",argv[0],str);
   	else
 		printf("%s: файл %s открыт",argv[0],str);
 } else
      printf("открываемый файл не указан");
 .
 1,2c
  #include <stdio.h>
 main ( argc, argv )
 int argc;
 char *argv [];
 .
 vaddya@turing:~/Git/os/lab1/logs/compile$ cmp prog.c my_open.c
 prog.c my_open.c differ: byte 26, line 2
 vaddya@turing:~/Git/os/lab1/logs/compile$ cmp hello my_open
 hello my_open differ: byte 25, line 1
 user@SPOComp13:~/435013/vaddya/text$ ls -l /usr/bin | cut -c29-35 | sort -n | uniq -d
 2
 3
 4
 5
 6
 7
 8
 9
10
11
12
13
14
15
16
17
18
19
20
21
22
23
24
25
26
27
28
29
30
31
32
33
34
35
36
37
47
49
51
52
53
54
55
56
57
58
59
60
61
70
79
80
95
215
273
274
275
277
279
281
350
352
380
382
398
647
1147
1849
2711
2859
3066
3310
4801
5656
6008
6136
7813
9228
10104
10216
10224
10232
10240
10248
10304
10312
10328
10344
10384
10440
010624
13288
14200
14208
14216
14320
14328
14336
14344
14408
14416
14424
14440
14472
18296
18304
18424
18440
18448
18504
18512
18520
18552
18712
22520
22528
22536
22592
22600
22608
22616
22664
22688
22696
26616
26696
26704
26712
26728
27104
27328
29224
30712
30800
30808
30816
30856
30904
31008
31200
31208
31648
34816
34896
35000
35032
35160
35744
38984
38992
39000
39096
39128
43080
43088
43096
43120
43168
43200
43224
45853
47184
47200
47224
47288
47320
51272
51280
51296
51384
51416
55368
55512
55816
59464
59608
59640
63576
63584
63672
64016
67576
67656
67672
71760
80088
093624
116944
120912
141400
174216
179320
420000
576440
814856
